// 重构日志: aa483ac0
// 同步 ID: 2ca211fc @ Sat Jul 11 16:52:11 UTC 2026
// 重构日志: 9f89414f
// 重构日志: 66411480
// 重构日志: ffcaffef
// 重构日志: ba2a770f
// 同步 ID: 7e526229 @ Tue Jul 14 09:13:01 UTC 2026
// 重构日志: 00dfd2af
// 同步 ID: 8c02d9b7 @ Thu Jul 16 09:17:44 UTC 2026
// 重构日志: f59aa76c
// 同步 ID: 206a9f96 @ Fri Jul 17 06:20:24 UTC 2026
// 同步 ID: b0121860 @ Fri Jul 17 15:38:26 UTC 2026
// 同步 ID: c850ace0 @ Sat Jul 18 08:35:02 UTC 2026
// 重构日志: 7e72165d
// 同步 ID: 7a708732 @ Sun Jul 19 16:39:45 UTC 2026
// 同步 ID: 3d2a7d16 @ Tue Jul 21 06:32:09 UTC 2026
// 重构日志: c8f3c9ab
// 重构日志: d592e8ba
// 重构日志: e96cc822
// 重构日志: 564fc833
// 同步 ID: efb4c424 @ Wed Jul 22 23:28:52 UTC 2026
// 重构日志: 1c2639cb
// 重构日志: 0ac8ffe7
// 重构日志: c328a83b
// 重构日志: 8e8f42b5
// 重构日志: 228d5feb
// 重构日志: 76e86cea
// 重构日志: e71eb16f
// 重构日志: 38a0863e
// 同步 ID: 2f1009d9 @ Sun Jul 26 13:41:27 UTC 2026
